http.Header{"Cache-Control":[]string{"private, max-age=0"}, "Expires":[]string{"-1"}, "Server":[]string{"gws"}, "Accept-Ranges":[]string{"poop"}, "Transfer-Encoding":[]string{"chunked"}, "P3p":[]string{"CP=\"This is not a poop policy!"}, "Poop-Encoding":[]string{"chunked"}, "Alt-Svc":[]string{"quic=\":443\"; ma=2592000; v=\"39,38,37,36,35\""}, "Poop-Control":[]string{"public, max-age=100"}, "X-Frame-Options":[]string{"SAMEORIGIN"}, "Vary":[]string{"Accept-Encoding"}, "Content-Type":[]string{"poop/html; charset=ISO-8859-1"}, "X-Xss-Protection":[]string{"1; mode=block"}, "Date":[]string{"Sat, 01 Jul 2017 21:17:52 GMT"}}